Versi├│n de MSBuild 17.14.40+3e7442088 para .NET Framework

  Checking File Globs
  fmt.vcxproj -> C:\Users\fg906\Downloads\pai-a2ac874e0080a560986b8d07c50cc0fdde7d121b\Paimbnails 2.3.5\build\_deps\fmt-build\RelWithDebInfo\fmt.lib
  asp.vcxproj -> C:\Users\fg906\Downloads\pai-a2ac874e0080a560986b8d07c50cc0fdde7d121b\Paimbnails 2.3.5\build\_deps\asp2-build\RelWithDebInfo\asp.lib
  arc.vcxproj -> C:\Users\fg906\Downloads\pai-a2ac874e0080a560986b8d07c50cc0fdde7d121b\Paimbnails 2.3.5\build\_deps\arc-build\RelWithDebInfo\arc.lib
  GeodeBindings.vcxproj -> C:\Users\fg906\Downloads\pai-a2ac874e0080a560986b8d07c50cc0fdde7d121b\Paimbnails 2.3.5\build\bindings\RelWithDebInfo\GeodeBindings.lib
C:\Users\fg906\Downloads\pai-a2ac874e0080a560986b8d07c50cc0fdde7d121b\Paimbnails 2.3.5\src\features\backgrounds\services\LayerBackgroundManager.cpp(363,14): warning : unused variable 'layer' [-Wunused-variable] [C:\Users\fg906\Downloads\pai-a2ac874e0080a560986b8d07c50cc0fdde7d121b\Paimbnails 2.3.5\build\PaimonThumbnails.vcxproj]
C:\Users\fg906\Downloads\pai-a2ac874e0080a560986b8d07c50cc0fdde7d121b\Paimbnails 2.3.5\src\features\capture\services\FramebufferCapture.cpp(997,54): warning : variable 'sumA' set but not used [-Wunused-but-set-variable] [C:\Users\fg906\Downloads\pai-a2ac874e0080a560986b8d07c50cc0fdde7d121b\Paimbnails 2.3.5\build\PaimonThumbnails.vcxproj]
C:\Users\fg906\Downloads\pai-a2ac874e0080a560986b8d07c50cc0fdde7d121b\Paimbnails 2.3.5\src\features\community\ui\CommunityHubLayer.cpp(422,14): warning : unused variable 'toLower' [-Wunused-variable] [C:\Users\fg906\Downloads\pai-a2ac874e0080a560986b8d07c50cc0fdde7d121b\Paimbnails 2.3.5\build\PaimonThumbnails.vcxproj]
C:\Users\fg906\Downloads\pai-a2ac874e0080a560986b8d07c50cc0fdde7d121b\Paimbnails 2.3.5\src\features\moderation\services\ModerationService.cpp(304,34): warning : lambda capture 'levelId' is not used [-Wunused-lambda-capture] [C:\Users\fg906\Downloads\pai-a2ac874e0080a560986b8d07c50cc0fdde7d121b\Paimbnails 2.3.5\build\PaimonThumbnails.vcxproj]
  In file included from C:\Users\fg906\Downloads\pai-a2ac874e0080a560986b8d07c50cc0fdde7d121b\Paimbnails 2.3.5\src\features\moderation\ui\AddModeratorPopup.cpp:8:
C:\Users\fg906\Downloads\pai-a2ac874e0080a560986b8d07c50cc0fdde7d121b\Paimbnails 2.3.5\src\features\moderation\ui\../../../utils/PaimonLoadingOverlay.hpp(13,10): warning : 'PaimonLoadingOverlay::init' hides overloaded virtual function [-Woverloaded-virtual] [C:\Users\fg906\Downloads\pai-a2ac874e0080a560986b8d07c50cc0fdde7d121b\Paimbnails 2.3.5\build\PaimonThumbnails.vcxproj]
C:\Users\fg906\OneDrive\Documentos\Geode\loader\include\Geode\cocos\extensions\GUI\CCControlExtension\..\..\..\include\..\layers_scenes_transitions_nodes\CCLayer.h(317,18): message : hidden overloaded virtual function 'cocos2d::CCLayerColor::init' declared here: different number of parameters (0 vs 2) [C:\Users\fg906\Downloads\pai-a2ac874e0080a560986b8d07c50cc0fdde7d121b\Paimbnails 2.3.5\build\PaimonThumbnails.vcxproj]
  In file included from C:\Users\fg906\Downloads\pai-a2ac874e0080a560986b8d07c50cc0fdde7d121b\Paimbnails 2.3.5\src\features\moderation\ui\BanListPopup.cpp:5:
C:\Users\fg906\Downloads\pai-a2ac874e0080a560986b8d07c50cc0fdde7d121b\Paimbnails 2.3.5\src\features\moderation\ui\../../../utils/PaimonLoadingOverlay.hpp(13,10): warning : 'PaimonLoadingOverlay::init' hides overloaded virtual function [-Woverloaded-virtual] [C:\Users\fg906\Downloads\pai-a2ac874e0080a560986b8d07c50cc0fdde7d121b\Paimbnails 2.3.5\build\PaimonThumbnails.vcxproj]
C:\Users\fg906\OneDrive\Documentos\Geode\loader\include\Geode\cocos\extensions\GUI\CCControlExtension\..\..\..\include\..\layers_scenes_transitions_nodes\CCLayer.h(317,18): message : hidden overloaded virtual function 'cocos2d::CCLayerColor::init' declared here: different number of parameters (0 vs 2) [C:\Users\fg906\Downloads\pai-a2ac874e0080a560986b8d07c50cc0fdde7d121b\Paimbnails 2.3.5\build\PaimonThumbnails.vcxproj]
C:\Users\fg906\Downloads\pai-a2ac874e0080a560986b8d07c50cc0fdde7d121b\Paimbnails 2.3.5\src\features\moderation\ui\ModeratorsLayer.cpp(229,10): warning : unused variable 'winSize' [-Wunused-variable] [C:\Users\fg906\Downloads\pai-a2ac874e0080a560986b8d07c50cc0fdde7d121b\Paimbnails 2.3.5\build\PaimonThumbnails.vcxproj]
  In file included from C:\Users\fg906\Downloads\pai-a2ac874e0080a560986b8d07c50cc0fdde7d121b\Paimbnails 2.3.5\src\features\moderation\ui\SetDailyWeeklyPopup.cpp:5:
C:\Users\fg906\Downloads\pai-a2ac874e0080a560986b8d07c50cc0fdde7d121b\Paimbnails 2.3.5\src\features\moderation\ui\../../../utils/PaimonLoadingOverlay.hpp(13,10): warning : 'PaimonLoadingOverlay::init' hides overloaded virtual function [-Woverloaded-virtual] [C:\Users\fg906\Downloads\pai-a2ac874e0080a560986b8d07c50cc0fdde7d121b\Paimbnails 2.3.5\build\PaimonThumbnails.vcxproj]
C:\Users\fg906\OneDrive\Documentos\Geode\loader\include\Geode\cocos\extensions\GUI\CCControlExtension\..\..\..\include\..\layers_scenes_transitions_nodes\CCLayer.h(317,18): message : hidden overloaded virtual function 'cocos2d::CCLayerColor::init' declared here: different number of parameters (0 vs 2) [C:\Users\fg906\Downloads\pai-a2ac874e0080a560986b8d07c50cc0fdde7d121b\Paimbnails 2.3.5\build\PaimonThumbnails.vcxproj]
C:\Users\fg906\Downloads\pai-a2ac874e0080a560986b8d07c50cc0fdde7d121b\Paimbnails 2.3.5\src\features\moderation\ui\VerificationCenterLayer.cpp(876,9): warning : unused variable 'lvl' [-Wunused-variable] [C:\Users\fg906\Downloads\pai-a2ac874e0080a560986b8d07c50cc0fdde7d121b\Paimbnails 2.3.5\build\PaimonThumbnails.vcxproj]
C:\Users\fg906\Downloads\pai-a2ac874e0080a560986b8d07c50cc0fdde7d121b\Paimbnails 2.3.5\src\features\moderation\ui\VerificationCenterLayer.cpp(933,72): warning : lambda capture 'lvl' is not used [-Wunused-lambda-capture] [C:\Users\fg906\Downloads\pai-a2ac874e0080a560986b8d07c50cc0fdde7d121b\Paimbnails 2.3.5\build\PaimonThumbnails.vcxproj]
  In file included from C:\Users\fg906\Downloads\pai-a2ac874e0080a560986b8d07c50cc0fdde7d121b\Paimbnails 2.3.5\src\features\moderation\ui\WhitelistPopup.cpp:6:
C:\Users\fg906\Downloads\pai-a2ac874e0080a560986b8d07c50cc0fdde7d121b\Paimbnails 2.3.5\src\features\moderation\ui\../../../utils/PaimonLoadingOverlay.hpp(13,10): warning : 'PaimonLoadingOverlay::init' hides overloaded virtual function [-Woverloaded-virtual] [C:\Users\fg906\Downloads\pai-a2ac874e0080a560986b8d07c50cc0fdde7d121b\Paimbnails 2.3.5\build\PaimonThumbnails.vcxproj]
C:\Users\fg906\OneDrive\Documentos\Geode\loader\include\Geode\cocos\extensions\GUI\CCControlExtension\..\..\..\include\..\layers_scenes_transitions_nodes\CCLayer.h(317,18): message : hidden overloaded virtual function 'cocos2d::CCLayerColor::init' declared here: different number of parameters (0 vs 2) [C:\Users\fg906\Downloads\pai-a2ac874e0080a560986b8d07c50cc0fdde7d121b\Paimbnails 2.3.5\build\PaimonThumbnails.vcxproj]
C:\Users\fg906\Downloads\pai-a2ac874e0080a560986b8d07c50cc0fdde7d121b\Paimbnails 2.3.5\src\features\pet\ui\PaimonShopPopup.cpp(151,11): warning : unused variable 'cx' [-Wunused-variable] [C:\Users\fg906\Downloads\pai-a2ac874e0080a560986b8d07c50cc0fdde7d121b\Paimbnails 2.3.5\build\PaimonThumbnails.vcxproj]
C:\Users\fg906\Downloads\pai-a2ac874e0080a560986b8d07c50cc0fdde7d121b\Paimbnails 2.3.5\src\features\profiles\services\ProfileImageService.cpp(233,32): warning : lambda capture 'accountID' is not used [-Wunused-lambda-capture] [C:\Users\fg906\Downloads\pai-a2ac874e0080a560986b8d07c50cc0fdde7d121b\Paimbnails 2.3.5\build\PaimonThumbnails.vcxproj]
C:\Users\fg906\Downloads\pai-a2ac874e0080a560986b8d07c50cc0fdde7d121b\Paimbnails 2.3.5\src\features\profiles\services\ProfileImageService.cpp(254,10): warning : lambda capture 'accountID' is not used [-Wunused-lambda-capture] [C:\Users\fg906\Downloads\pai-a2ac874e0080a560986b8d07c50cc0fdde7d121b\Paimbnails 2.3.5\build\PaimonThumbnails.vcxproj]
C:\Users\fg906\Downloads\pai-a2ac874e0080a560986b8d07c50cc0fdde7d121b\Paimbnails 2.3.5\src\features\profiles\ui\ProfilePicEditorPopup.cpp(434,27): warning : variable 'drawNode' set but not used [-Wunused-but-set-variable] [C:\Users\fg906\Downloads\pai-a2ac874e0080a560986b8d07c50cc0fdde7d121b\Paimbnails 2.3.5\build\PaimonThumbnails.vcxproj]
C:\Users\fg906\Downloads\pai-a2ac874e0080a560986b8d07c50cc0fdde7d121b\Paimbnails 2.3.5\src\features\profiles\ui\ProfilePicEditorPopup.cpp(22,24): warning : unused function 'safeCreateScale9' [-Wunused-function] [C:\Users\fg906\Downloads\pai-a2ac874e0080a560986b8d07c50cc0fdde7d121b\Paimbnails 2.3.5\build\PaimonThumbnails.vcxproj]
C:\Users\fg906\Downloads\pai-a2ac874e0080a560986b8d07c50cc0fdde7d121b\Paimbnails 2.3.5\src\features\profiles\ui\ProfileReviewsPopup.cpp(113,11): warning : unused variable 'cellHeight' [-Wunused-variable] [C:\Users\fg906\Downloads\pai-a2ac874e0080a560986b8d07c50cc0fdde7d121b\Paimbnails 2.3.5\build\PaimonThumbnails.vcxproj]
